------------------------------------------------------------
Timing Analyzer Summary
------------------------------------------------------------

Type  : Slow 1200mV 85C Model Setup 'clk'
Slack : 5.406
TNS   : 0.000

Type  : Slow 1200mV 85C Model Setup 'ADC_Data_ins|ADC_ins|ADC_Conversion_ins|u0|altpll_sys|sd1|pll7|clk[0]'
Slack : 34.337
TNS   : 0.000

Type  : Slow 1200mV 85C Model Hold 'clk'
Slack : 0.324
TNS   : 0.000

Type  : Slow 1200mV 85C Model Hold 'ADC_Data_ins|ADC_ins|ADC_Conversion_ins|u0|altpll_sys|sd1|pll7|clk[0]'
Slack : 0.428
TNS   : 0.000

Type  : Slow 1200mV 85C Model Recovery 'ADC_Data_ins|ADC_ins|ADC_Conversion_ins|u0|altpll_sys|sd1|pll7|clk[0]'
Slack : 38.070
TNS   : 0.000

Type  : Slow 1200mV 85C Model Removal 'ADC_Data_ins|ADC_ins|ADC_Conversion_ins|u0|altpll_sys|sd1|pll7|clk[0]'
Slack : 1.371
TNS   : 0.000

Type  : Slow 1200mV 85C Model Minimum Pulse Width 'clk'
Slack : 9.568
TNS   : 0.000

Type  : Slow 1200mV 85C Model Minimum Pulse Width 'ADC_Data_ins|ADC_ins|ADC_Conversion_ins|u0|altpll_sys|sd1|pll7|clk[0]'
Slack : 19.771
TNS   : 0.000

Type  : Slow 1200mV 85C Model Minimum Pulse Width 'ADC_Data_ins|ADC_ins|ADC_Conversion_ins|u0|altpll_sys|sd1|pll7|clk[1]'
Slack : 244.375
TNS   : 0.000

Type  : Slow 1200mV 0C Model Setup 'clk'
Slack : 6.734
TNS   : 0.000

Type  : Slow 1200mV 0C Model Setup 'ADC_Data_ins|ADC_ins|ADC_Conversion_ins|u0|altpll_sys|sd1|pll7|clk[0]'
Slack : 34.829
TNS   : 0.000

Type  : Slow 1200mV 0C Model Hold 'clk'
Slack : 0.294
TNS   : 0.000

Type  : Slow 1200mV 0C Model Hold 'ADC_Data_ins|ADC_ins|ADC_Conversion_ins|u0|altpll_sys|sd1|pll7|clk[0]'
Slack : 0.354
TNS   : 0.000

Type  : Slow 1200mV 0C Model Recovery 'ADC_Data_ins|ADC_ins|ADC_Conversion_ins|u0|altpll_sys|sd1|pll7|clk[0]'
Slack : 38.207
TNS   : 0.000

Type  : Slow 1200mV 0C Model Removal 'ADC_Data_ins|ADC_ins|ADC_Conversion_ins|u0|altpll_sys|sd1|pll7|clk[0]'
Slack : 1.230
TNS   : 0.000

Type  : Slow 1200mV 0C Model Minimum Pulse Width 'clk'
Slack : 9.582
TNS   : 0.000

Type  : Slow 1200mV 0C Model Minimum Pulse Width 'ADC_Data_ins|ADC_ins|ADC_Conversion_ins|u0|altpll_sys|sd1|pll7|clk[0]'
Slack : 19.720
TNS   : 0.000

Type  : Slow 1200mV 0C Model Minimum Pulse Width 'ADC_Data_ins|ADC_ins|ADC_Conversion_ins|u0|altpll_sys|sd1|pll7|clk[1]'
Slack : 244.379
TNS   : 0.000

Type  : Fast 1200mV 0C Model Setup 'clk'
Slack : 12.549
TNS   : 0.000

Type  : Fast 1200mV 0C Model Setup 'ADC_Data_ins|ADC_ins|ADC_Conversion_ins|u0|altpll_sys|sd1|pll7|clk[0]'
Slack : 37.010
TNS   : 0.000

Type  : Fast 1200mV 0C Model Hold 'clk'
Slack : 0.148
TNS   : 0.000

Type  : Fast 1200mV 0C Model Hold 'ADC_Data_ins|ADC_ins|ADC_Conversion_ins|u0|altpll_sys|sd1|pll7|clk[0]'
Slack : 0.211
TNS   : 0.000

Type  : Fast 1200mV 0C Model Recovery 'ADC_Data_ins|ADC_ins|ADC_Conversion_ins|u0|altpll_sys|sd1|pll7|clk[0]'
Slack : 39.031
TNS   : 0.000

Type  : Fast 1200mV 0C Model Removal 'ADC_Data_ins|ADC_ins|ADC_Conversion_ins|u0|altpll_sys|sd1|pll7|clk[0]'
Slack : 0.640
TNS   : 0.000

Type  : Fast 1200mV 0C Model Minimum Pulse Width 'clk'
Slack : 9.324
TNS   : 0.000

Type  : Fast 1200mV 0C Model Minimum Pulse Width 'ADC_Data_ins|ADC_ins|ADC_Conversion_ins|u0|altpll_sys|sd1|pll7|clk[0]'
Slack : 19.803
TNS   : 0.000

Type  : Fast 1200mV 0C Model Minimum Pulse Width 'ADC_Data_ins|ADC_ins|ADC_Conversion_ins|u0|altpll_sys|sd1|pll7|clk[1]'
Slack : 244.903
TNS   : 0.000

------------------------------------------------------------
